  Wiederherzustellende Projekte werden ermittelt...
C:\Program Files\dotnet\sdk\10.0.104\Sdks\Microsoft.NET.Sdk\targets\Microsoft.NET.Sdk.DefaultItems.Shared.targets(111,5): warning NETSDK1080: Eine PackageReference auf Microsoft.AspNetCore.App ist nicht erforderlich, wenn .NET Core 3.0 oder h├Âher als Ziel verwendet wird. Bei Verwendung von Microsoft.NET.Sdk.Web wird das freigegebene Framework automatisch referenziert. Andernfalls muss die PackageReference durch eine FrameworkReference ersetzt werden. [D:\GitHub\Open-Playout-Server\PlayoutServer.Core\PlayoutServer.Core.csproj]
  Alle Projekte sind f├╝r die Wiederherstellung auf dem neuesten Stand.
C:\Program Files\dotnet\sdk\10.0.104\Microsoft.Common.CurrentVersion.targets(5381,5): warning MSB3026: "D:\GitHub\Open-Playout-Server\PlayoutServer.GUI\obj\Debug\net10.0-windows\apphost.exe" konnte nicht in "bin\Debug\net10.0-windows\PlayoutServer.GUI.exe" kopiert werden. Wiederholung 1 wird in 1000 ms gestartet. The process cannot access the file 'D:\GitHub\Open-Playout-Server\PlayoutServer.GUI\bin\Debug\net10.0-windows\PlayoutServer.GUI.exe' because it is being used by another process. Die Datei wird durch "PlayoutServer.GUI (19208)" gesperrt. [D:\GitHub\Open-Playout-Server\PlayoutServer.GUI\PlayoutServer.GUI.csproj]
C:\Program Files\dotnet\sdk\10.0.104\Sdks\Microsoft.NET.Sdk\targets\Microsoft.NET.Sdk.DefaultItems.Shared.targets(111,5): warning NETSDK1080: Eine PackageReference auf Microsoft.AspNetCore.App ist nicht erforderlich, wenn .NET Core 3.0 oder h├Âher als Ziel verwendet wird. Bei Verwendung von Microsoft.NET.Sdk.Web wird das freigegebene Framework automatisch referenziert. Andernfalls muss die PackageReference durch eine FrameworkReference ersetzt werden. [D:\GitHub\Open-Playout-Server\PlayoutServer.Core\PlayoutServer.Core.csproj]
C:\Program Files\dotnet\sdk\10.0.104\Microsoft.Common.CurrentVersion.targets(5381,5): warning MSB3026: "D:\GitHub\Open-Playout-Server\PlayoutServer.Core\obj\Debug\net10.0\apphost.exe" konnte nicht in "bin\Debug\net10.0\PlayoutServer.Core.exe" kopiert werden. Wiederholung 1 wird in 1000 ms gestartet. The process cannot access the file 'D:\GitHub\Open-Playout-Server\PlayoutServer.Core\bin\Debug\net10.0\PlayoutServer.Core.exe' because it is being used by another process. Die Datei wird durch "PlayoutServer.Core (20784)" gesperrt. [D:\GitHub\Open-Playout-Server\PlayoutServer.Core\PlayoutServer.Core.csproj]
C:\Program Files\dotnet\sdk\10.0.104\Microsoft.Common.CurrentVersion.targets(5381,5): warning MSB3026: "D:\GitHub\Open-Playout-Server\PlayoutServer.GUI\obj\Debug\net10.0-windows\apphost.exe" konnte nicht in "bin\Debug\net10.0-windows\PlayoutServer.GUI.exe" kopiert werden. Wiederholung 2 wird in 1000 ms gestartet. The process cannot access the file 'D:\GitHub\Open-Playout-Server\PlayoutServer.GUI\bin\Debug\net10.0-windows\PlayoutServer.GUI.exe' because it is being used by another process. Die Datei wird durch "PlayoutServer.GUI (19208)" gesperrt. [D:\GitHub\Open-Playout-Server\PlayoutServer.GUI\PlayoutServer.GUI.csproj]
C:\Program Files\dotnet\sdk\10.0.104\Microsoft.Common.CurrentVersion.targets(5381,5): warning MSB3026: "D:\GitHub\Open-Playout-Server\PlayoutServer.Core\obj\Debug\net10.0\apphost.exe" konnte nicht in "bin\Debug\net10.0\PlayoutServer.Core.exe" kopiert werden. Wiederholung 2 wird in 1000 ms gestartet. The process cannot access the file 'D:\GitHub\Open-Playout-Server\PlayoutServer.Core\bin\Debug\net10.0\PlayoutServer.Core.exe' because it is being used by another process. Die Datei wird durch "PlayoutServer.Core (20784)" gesperrt. [D:\GitHub\Open-Playout-Server\PlayoutServer.Core\PlayoutServer.Core.csproj]
C:\Program Files\dotnet\sdk\10.0.104\Microsoft.Common.CurrentVersion.targets(5381,5): warning MSB3026: "D:\GitHub\Open-Playout-Server\PlayoutServer.GUI\obj\Debug\net10.0-windows\apphost.exe" konnte nicht in "bin\Debug\net10.0-windows\PlayoutServer.GUI.exe" kopiert werden. Wiederholung 3 wird in 1000 ms gestartet. The process cannot access the file 'D:\GitHub\Open-Playout-Server\PlayoutServer.GUI\bin\Debug\net10.0-windows\PlayoutServer.GUI.exe' because it is being used by another process. Die Datei wird durch "PlayoutServer.GUI (19208)" gesperrt. [D:\GitHub\Open-Playout-Server\PlayoutServer.GUI\PlayoutServer.GUI.csproj]
C:\Program Files\dotnet\sdk\10.0.104\Microsoft.Common.CurrentVersion.targets(5381,5): warning MSB3026: "D:\GitHub\Open-Playout-Server\PlayoutServer.Core\obj\Debug\net10.0\apphost.exe" konnte nicht in "bin\Debug\net10.0\PlayoutServer.Core.exe" kopiert werden. Wiederholung 3 wird in 1000 ms gestartet. The process cannot access the file 'D:\GitHub\Open-Playout-Server\PlayoutServer.Core\bin\Debug\net10.0\PlayoutServer.Core.exe' because it is being used by another process. Die Datei wird durch "PlayoutServer.Core (20784)" gesperrt. [D:\GitHub\Open-Playout-Server\PlayoutServer.Core\PlayoutServer.Core.csproj]
C:\Program Files\dotnet\sdk\10.0.104\Microsoft.Common.CurrentVersion.targets(5381,5): warning MSB3026: "D:\GitHub\Open-Playout-Server\PlayoutServer.GUI\obj\Debug\net10.0-windows\apphost.exe" konnte nicht in "bin\Debug\net10.0-windows\PlayoutServer.GUI.exe" kopiert werden. Wiederholung 4 wird in 1000 ms gestartet. The process cannot access the file 'D:\GitHub\Open-Playout-Server\PlayoutServer.GUI\bin\Debug\net10.0-windows\PlayoutServer.GUI.exe' because it is being used by another process. Die Datei wird durch "PlayoutServer.GUI (19208)" gesperrt. [D:\GitHub\Open-Playout-Server\PlayoutServer.GUI\PlayoutServer.GUI.csproj]
C:\Program Files\dotnet\sdk\10.0.104\Microsoft.Common.CurrentVersion.targets(5381,5): warning MSB3026: "D:\GitHub\Open-Playout-Server\PlayoutServer.Core\obj\Debug\net10.0\apphost.exe" konnte nicht in "bin\Debug\net10.0\PlayoutServer.Core.exe" kopiert werden. Wiederholung 4 wird in 1000 ms gestartet. The process cannot access the file 'D:\GitHub\Open-Playout-Server\PlayoutServer.Core\bin\Debug\net10.0\PlayoutServer.Core.exe' because it is being used by another process. Die Datei wird durch "PlayoutServer.Core (20784)" gesperrt. [D:\GitHub\Open-Playout-Server\PlayoutServer.Core\PlayoutServer.Core.csproj]
C:\Program Files\dotnet\sdk\10.0.104\Microsoft.Common.CurrentVersion.targets(5381,5): warning MSB3026: "D:\GitHub\Open-Playout-Server\PlayoutServer.GUI\obj\Debug\net10.0-windows\apphost.exe" konnte nicht in "bin\Debug\net10.0-windows\PlayoutServer.GUI.exe" kopiert werden. Wiederholung 5 wird in 1000 ms gestartet. The process cannot access the file 'D:\GitHub\Open-Playout-Server\PlayoutServer.GUI\bin\Debug\net10.0-windows\PlayoutServer.GUI.exe' because it is being used by another process. Die Datei wird durch "PlayoutServer.GUI (19208)" gesperrt. [D:\GitHub\Open-Playout-Server\PlayoutServer.GUI\PlayoutServer.GUI.csproj]
C:\Program Files\dotnet\sdk\10.0.104\Microsoft.Common.CurrentVersion.targets(5381,5): warning MSB3026: "D:\GitHub\Open-Playout-Server\PlayoutServer.Core\obj\Debug\net10.0\apphost.exe" konnte nicht in "bin\Debug\net10.0\PlayoutServer.Core.exe" kopiert werden. Wiederholung 5 wird in 1000 ms gestartet. The process cannot access the file 'D:\GitHub\Open-Playout-Server\PlayoutServer.Core\bin\Debug\net10.0\PlayoutServer.Core.exe' because it is being used by another process. Die Datei wird durch "PlayoutServer.Core (20784)" gesperrt. [D:\GitHub\Open-Playout-Server\PlayoutServer.Core\PlayoutServer.Core.csproj]
C:\Program Files\dotnet\sdk\10.0.104\Microsoft.Common.CurrentVersion.targets(5381,5): warning MSB3026: "D:\GitHub\Open-Playout-Server\PlayoutServer.GUI\obj\Debug\net10.0-windows\apphost.exe" konnte nicht in "bin\Debug\net10.0-windows\PlayoutServer.GUI.exe" kopiert werden. Wiederholung 6 wird in 1000 ms gestartet. The process cannot access the file 'D:\GitHub\Open-Playout-Server\PlayoutServer.GUI\bin\Debug\net10.0-windows\PlayoutServer.GUI.exe' because it is being used by another process. Die Datei wird durch "PlayoutServer.GUI (19208)" gesperrt. [D:\GitHub\Open-Playout-Server\PlayoutServer.GUI\PlayoutServer.GUI.csproj]
C:\Program Files\dotnet\sdk\10.0.104\Microsoft.Common.CurrentVersion.targets(5381,5): warning MSB3026: "D:\GitHub\Open-Playout-Server\PlayoutServer.Core\obj\Debug\net10.0\apphost.exe" konnte nicht in "bin\Debug\net10.0\PlayoutServer.Core.exe" kopiert werden. Wiederholung 6 wird in 1000 ms gestartet. The process cannot access the file 'D:\GitHub\Open-Playout-Server\PlayoutServer.Core\bin\Debug\net10.0\PlayoutServer.Core.exe' because it is being used by another process. Die Datei wird durch "PlayoutServer.Core (20784)" gesperrt. [D:\GitHub\Open-Playout-Server\PlayoutServer.Core\PlayoutServer.Core.csproj]
C:\Program Files\dotnet\sdk\10.0.104\Microsoft.Common.CurrentVersion.targets(5381,5): warning MSB3026: "D:\GitHub\Open-Playout-Server\PlayoutServer.GUI\obj\Debug\net10.0-windows\apphost.exe" konnte nicht in "bin\Debug\net10.0-windows\PlayoutServer.GUI.exe" kopiert werden. Wiederholung 7 wird in 1000 ms gestartet. The process cannot access the file 'D:\GitHub\Open-Playout-Server\PlayoutServer.GUI\bin\Debug\net10.0-windows\PlayoutServer.GUI.exe' because it is being used by another process. Die Datei wird durch "PlayoutServer.GUI (19208)" gesperrt. [D:\GitHub\Open-Playout-Server\PlayoutServer.GUI\PlayoutServer.GUI.csproj]
C:\Program Files\dotnet\sdk\10.0.104\Microsoft.Common.CurrentVersion.targets(5381,5): warning MSB3026: "D:\GitHub\Open-Playout-Server\PlayoutServer.Core\obj\Debug\net10.0\apphost.exe" konnte nicht in "bin\Debug\net10.0\PlayoutServer.Core.exe" kopiert werden. Wiederholung 7 wird in 1000 ms gestartet. The process cannot access the file 'D:\GitHub\Open-Playout-Server\PlayoutServer.Core\bin\Debug\net10.0\PlayoutServer.Core.exe' because it is being used by another process. Die Datei wird durch "PlayoutServer.Core (20784)" gesperrt. [D:\GitHub\Open-Playout-Server\PlayoutServer.Core\PlayoutServer.Core.csproj]
C:\Program Files\dotnet\sdk\10.0.104\Microsoft.Common.CurrentVersion.targets(5381,5): warning MSB3026: "D:\GitHub\Open-Playout-Server\PlayoutServer.GUI\obj\Debug\net10.0-windows\apphost.exe" konnte nicht in "bin\Debug\net10.0-windows\PlayoutServer.GUI.exe" kopiert werden. Wiederholung 8 wird in 1000 ms gestartet. The process cannot access the file 'D:\GitHub\Open-Playout-Server\PlayoutServer.GUI\bin\Debug\net10.0-windows\PlayoutServer.GUI.exe' because it is being used by another process. Die Datei wird durch "PlayoutServer.GUI (19208)" gesperrt. [D:\GitHub\Open-Playout-Server\PlayoutServer.GUI\PlayoutServer.GUI.csproj]
C:\Program Files\dotnet\sdk\10.0.104\Microsoft.Common.CurrentVersion.targets(5381,5): warning MSB3026: "D:\GitHub\Open-Playout-Server\PlayoutServer.Core\obj\Debug\net10.0\apphost.exe" konnte nicht in "bin\Debug\net10.0\PlayoutServer.Core.exe" kopiert werden. Wiederholung 8 wird in 1000 ms gestartet. The process cannot access the file 'D:\GitHub\Open-Playout-Server\PlayoutServer.Core\bin\Debug\net10.0\PlayoutServer.Core.exe' because it is being used by another process. Die Datei wird durch "PlayoutServer.Core (20784)" gesperrt. [D:\GitHub\Open-Playout-Server\PlayoutServer.Core\PlayoutServer.Core.csproj]
C:\Program Files\dotnet\sdk\10.0.104\Microsoft.Common.CurrentVersion.targets(5381,5): warning MSB3026: "D:\GitHub\Open-Playout-Server\PlayoutServer.GUI\obj\Debug\net10.0-windows\apphost.exe" konnte nicht in "bin\Debug\net10.0-windows\PlayoutServer.GUI.exe" kopiert werden. Wiederholung 9 wird in 1000 ms gestartet. The process cannot access the file 'D:\GitHub\Open-Playout-Server\PlayoutServer.GUI\bin\Debug\net10.0-windows\PlayoutServer.GUI.exe' because it is being used by another process. Die Datei wird durch "PlayoutServer.GUI (19208)" gesperrt. [D:\GitHub\Open-Playout-Server\PlayoutServer.GUI\PlayoutServer.GUI.csproj]
C:\Program Files\dotnet\sdk\10.0.104\Microsoft.Common.CurrentVersion.targets(5381,5): warning MSB3026: "D:\GitHub\Open-Playout-Server\PlayoutServer.Core\obj\Debug\net10.0\apphost.exe" konnte nicht in "bin\Debug\net10.0\PlayoutServer.Core.exe" kopiert werden. Wiederholung 9 wird in 1000 ms gestartet. The process cannot access the file 'D:\GitHub\Open-Playout-Server\PlayoutServer.Core\bin\Debug\net10.0\PlayoutServer.Core.exe' because it is being used by another process. Die Datei wird durch "PlayoutServer.Core (20784)" gesperrt. [D:\GitHub\Open-Playout-Server\PlayoutServer.Core\PlayoutServer.Core.csproj]
C:\Program Files\dotnet\sdk\10.0.104\Microsoft.Common.CurrentVersion.targets(5381,5): warning MSB3026: "D:\GitHub\Open-Playout-Server\PlayoutServer.GUI\obj\Debug\net10.0-windows\apphost.exe" konnte nicht in "bin\Debug\net10.0-windows\PlayoutServer.GUI.exe" kopiert werden. Wiederholung 10 wird in 1000 ms gestartet. The process cannot access the file 'D:\GitHub\Open-Playout-Server\PlayoutServer.GUI\bin\Debug\net10.0-windows\PlayoutServer.GUI.exe' because it is being used by another process. Die Datei wird durch "PlayoutServer.GUI (19208)" gesperrt. [D:\GitHub\Open-Playout-Server\PlayoutServer.GUI\PlayoutServer.GUI.csproj]
C:\Program Files\dotnet\sdk\10.0.104\Microsoft.Common.CurrentVersion.targets(5381,5): warning MSB3026: "D:\GitHub\Open-Playout-Server\PlayoutServer.Core\obj\Debug\net10.0\apphost.exe" konnte nicht in "bin\Debug\net10.0\PlayoutServer.Core.exe" kopiert werden. Wiederholung 10 wird in 1000 ms gestartet. The process cannot access the file 'D:\GitHub\Open-Playout-Server\PlayoutServer.Core\bin\Debug\net10.0\PlayoutServer.Core.exe' because it is being used by another process. Die Datei wird durch "PlayoutServer.Core (20784)" gesperrt. [D:\GitHub\Open-Playout-Server\PlayoutServer.Core\PlayoutServer.Core.csproj]
C:\Program Files\dotnet\sdk\10.0.104\Microsoft.Common.CurrentVersion.targets(5381,5): error MSB3027: "D:\GitHub\Open-Playout-Server\PlayoutServer.GUI\obj\Debug\net10.0-windows\apphost.exe" konnte nicht in "bin\Debug\net10.0-windows\PlayoutServer.GUI.exe" kopiert werden. Die zul├ñssige Anzahl von Wiederholungen von 10 wurde ├╝berschritten. Fehler. Die Datei wird durch "PlayoutServer.GUI (19208)" gesperrt. [D:\GitHub\Open-Playout-Server\PlayoutServer.GUI\PlayoutServer.GUI.csproj]
C:\Program Files\dotnet\sdk\10.0.104\Microsoft.Common.CurrentVersion.targets(5381,5): error MSB3021: Die Datei "D:\GitHub\Open-Playout-Server\PlayoutServer.GUI\obj\Debug\net10.0-windows\apphost.exe" kann nicht in "bin\Debug\net10.0-windows\PlayoutServer.GUI.exe" kopiert werden. The process cannot access the file 'D:\GitHub\Open-Playout-Server\PlayoutServer.GUI\bin\Debug\net10.0-windows\PlayoutServer.GUI.exe' because it is being used by another process. [D:\GitHub\Open-Playout-Server\PlayoutServer.GUI\PlayoutServer.GUI.csproj]
C:\Program Files\dotnet\sdk\10.0.104\Microsoft.Common.CurrentVersion.targets(5381,5): error MSB3027: "D:\GitHub\Open-Playout-Server\PlayoutServer.Core\obj\Debug\net10.0\apphost.exe" konnte nicht in "bin\Debug\net10.0\PlayoutServer.Core.exe" kopiert werden. Die zul├ñssige Anzahl von Wiederholungen von 10 wurde ├╝berschritten. Fehler. Die Datei wird durch "PlayoutServer.Core (20784)" gesperrt. [D:\GitHub\Open-Playout-Server\PlayoutServer.Core\PlayoutServer.Core.csproj]
C:\Program Files\dotnet\sdk\10.0.104\Microsoft.Common.CurrentVersion.targets(5381,5): error MSB3021: Die Datei "D:\GitHub\Open-Playout-Server\PlayoutServer.Core\obj\Debug\net10.0\apphost.exe" kann nicht in "bin\Debug\net10.0\PlayoutServer.Core.exe" kopiert werden. The process cannot access the file 'D:\GitHub\Open-Playout-Server\PlayoutServer.Core\bin\Debug\net10.0\PlayoutServer.Core.exe' because it is being used by another process. [D:\GitHub\Open-Playout-Server\PlayoutServer.Core\PlayoutServer.Core.csproj]

Fehler beim Buildvorgang.

C:\Program Files\dotnet\sdk\10.0.104\Sdks\Microsoft.NET.Sdk\targets\Microsoft.NET.Sdk.DefaultItems.Shared.targets(111,5): warning NETSDK1080: Eine PackageReference auf Microsoft.AspNetCore.App ist nicht erforderlich, wenn .NET Core 3.0 oder h├Âher als Ziel verwendet wird. Bei Verwendung von Microsoft.NET.Sdk.Web wird das freigegebene Framework automatisch referenziert. Andernfalls muss die PackageReference durch eine FrameworkReference ersetzt werden. [D:\GitHub\Open-Playout-Server\PlayoutServer.Core\PlayoutServer.Core.csproj]
C:\Program Files\dotnet\sdk\10.0.104\Microsoft.Common.CurrentVersion.targets(5381,5): warning MSB3026: "D:\GitHub\Open-Playout-Server\PlayoutServer.GUI\obj\Debug\net10.0-windows\apphost.exe" konnte nicht in "bin\Debug\net10.0-windows\PlayoutServer.GUI.exe" kopiert werden. Wiederholung 1 wird in 1000 ms gestartet. The process cannot access the file 'D:\GitHub\Open-Playout-Server\PlayoutServer.GUI\bin\Debug\net10.0-windows\PlayoutServer.GUI.exe' because it is being used by another process. Die Datei wird durch "PlayoutServer.GUI (19208)" gesperrt. [D:\GitHub\Open-Playout-Server\PlayoutServer.GUI\PlayoutServer.GUI.csproj]
C:\Program Files\dotnet\sdk\10.0.104\Sdks\Microsoft.NET.Sdk\targets\Microsoft.NET.Sdk.DefaultItems.Shared.targets(111,5): warning NETSDK1080: Eine PackageReference auf Microsoft.AspNetCore.App ist nicht erforderlich, wenn .NET Core 3.0 oder h├Âher als Ziel verwendet wird. Bei Verwendung von Microsoft.NET.Sdk.Web wird das freigegebene Framework automatisch referenziert. Andernfalls muss die PackageReference durch eine FrameworkReference ersetzt werden. [D:\GitHub\Open-Playout-Server\PlayoutServer.Core\PlayoutServer.Core.csproj]
C:\Program Files\dotnet\sdk\10.0.104\Microsoft.Common.CurrentVersion.targets(5381,5): warning MSB3026: "D:\GitHub\Open-Playout-Server\PlayoutServer.Core\obj\Debug\net10.0\apphost.exe" konnte nicht in "bin\Debug\net10.0\PlayoutServer.Core.exe" kopiert werden. Wiederholung 1 wird in 1000 ms gestartet. The process cannot access the file 'D:\GitHub\Open-Playout-Server\PlayoutServer.Core\bin\Debug\net10.0\PlayoutServer.Core.exe' because it is being used by another process. Die Datei wird durch "PlayoutServer.Core (20784)" gesperrt. [D:\GitHub\Open-Playout-Server\PlayoutServer.Core\PlayoutServer.Core.csproj]
C:\Program Files\dotnet\sdk\10.0.104\Microsoft.Common.CurrentVersion.targets(5381,5): warning MSB3026: "D:\GitHub\Open-Playout-Server\PlayoutServer.GUI\obj\Debug\net10.0-windows\apphost.exe" konnte nicht in "bin\Debug\net10.0-windows\PlayoutServer.GUI.exe" kopiert werden. Wiederholung 2 wird in 1000 ms gestartet. The process cannot access the file 'D:\GitHub\Open-Playout-Server\PlayoutServer.GUI\bin\Debug\net10.0-windows\PlayoutServer.GUI.exe' because it is being used by another process. Die Datei wird durch "PlayoutServer.GUI (19208)" gesperrt. [D:\GitHub\Open-Playout-Server\PlayoutServer.GUI\PlayoutServer.GUI.csproj]
C:\Program Files\dotnet\sdk\10.0.104\Microsoft.Common.CurrentVersion.targets(5381,5): warning MSB3026: "D:\GitHub\Open-Playout-Server\PlayoutServer.Core\obj\Debug\net10.0\apphost.exe" konnte nicht in "bin\Debug\net10.0\PlayoutServer.Core.exe" kopiert werden. Wiederholung 2 wird in 1000 ms gestartet. The process cannot access the file 'D:\GitHub\Open-Playout-Server\PlayoutServer.Core\bin\Debug\net10.0\PlayoutServer.Core.exe' because it is being used by another process. Die Datei wird durch "PlayoutServer.Core (20784)" gesperrt. [D:\GitHub\Open-Playout-Server\PlayoutServer.Core\PlayoutServer.Core.csproj]
C:\Program Files\dotnet\sdk\10.0.104\Microsoft.Common.CurrentVersion.targets(5381,5): warning MSB3026: "D:\GitHub\Open-Playout-Server\PlayoutServer.GUI\obj\Debug\net10.0-windows\apphost.exe" konnte nicht in "bin\Debug\net10.0-windows\PlayoutServer.GUI.exe" kopiert werden. Wiederholung 3 wird in 1000 ms gestartet. The process cannot access the file 'D:\GitHub\Open-Playout-Server\PlayoutServer.GUI\bin\Debug\net10.0-windows\PlayoutServer.GUI.exe' because it is being used by another process. Die Datei wird durch "PlayoutServer.GUI (19208)" gesperrt. [D:\GitHub\Open-Playout-Server\PlayoutServer.GUI\PlayoutServer.GUI.csproj]
C:\Program Files\dotnet\sdk\10.0.104\Microsoft.Common.CurrentVersion.targets(5381,5): warning MSB3026: "D:\GitHub\Open-Playout-Server\PlayoutServer.Core\obj\Debug\net10.0\apphost.exe" konnte nicht in "bin\Debug\net10.0\PlayoutServer.Core.exe" kopiert werden. Wiederholung 3 wird in 1000 ms gestartet. The process cannot access the file 'D:\GitHub\Open-Playout-Server\PlayoutServer.Core\bin\Debug\net10.0\PlayoutServer.Core.exe' because it is being used by another process. Die Datei wird durch "PlayoutServer.Core (20784)" gesperrt. [D:\GitHub\Open-Playout-Server\PlayoutServer.Core\PlayoutServer.Core.csproj]
C:\Program Files\dotnet\sdk\10.0.104\Microsoft.Common.CurrentVersion.targets(5381,5): warning MSB3026: "D:\GitHub\Open-Playout-Server\PlayoutServer.GUI\obj\Debug\net10.0-windows\apphost.exe" konnte nicht in "bin\Debug\net10.0-windows\PlayoutServer.GUI.exe" kopiert werden. Wiederholung 4 wird in 1000 ms gestartet. The process cannot access the file 'D:\GitHub\Open-Playout-Server\PlayoutServer.GUI\bin\Debug\net10.0-windows\PlayoutServer.GUI.exe' because it is being used by another process. Die Datei wird durch "PlayoutServer.GUI (19208)" gesperrt. [D:\GitHub\Open-Playout-Server\PlayoutServer.GUI\PlayoutServer.GUI.csproj]
C:\Program Files\dotnet\sdk\10.0.104\Microsoft.Common.CurrentVersion.targets(5381,5): warning MSB3026: "D:\GitHub\Open-Playout-Server\PlayoutServer.Core\obj\Debug\net10.0\apphost.exe" konnte nicht in "bin\Debug\net10.0\PlayoutServer.Core.exe" kopiert werden. Wiederholung 4 wird in 1000 ms gestartet. The process cannot access the file 'D:\GitHub\Open-Playout-Server\PlayoutServer.Core\bin\Debug\net10.0\PlayoutServer.Core.exe' because it is being used by another process. Die Datei wird durch "PlayoutServer.Core (20784)" gesperrt. [D:\GitHub\Open-Playout-Server\PlayoutServer.Core\PlayoutServer.Core.csproj]
C:\Program Files\dotnet\sdk\10.0.104\Microsoft.Common.CurrentVersion.targets(5381,5): warning MSB3026: "D:\GitHub\Open-Playout-Server\PlayoutServer.GUI\obj\Debug\net10.0-windows\apphost.exe" konnte nicht in "bin\Debug\net10.0-windows\PlayoutServer.GUI.exe" kopiert werden. Wiederholung 5 wird in 1000 ms gestartet. The process cannot access the file 'D:\GitHub\Open-Playout-Server\PlayoutServer.GUI\bin\Debug\net10.0-windows\PlayoutServer.GUI.exe' because it is being used by another process. Die Datei wird durch "PlayoutServer.GUI (19208)" gesperrt. [D:\GitHub\Open-Playout-Server\PlayoutServer.GUI\PlayoutServer.GUI.csproj]
C:\Program Files\dotnet\sdk\10.0.104\Microsoft.Common.CurrentVersion.targets(5381,5): warning MSB3026: "D:\GitHub\Open-Playout-Server\PlayoutServer.Core\obj\Debug\net10.0\apphost.exe" konnte nicht in "bin\Debug\net10.0\PlayoutServer.Core.exe" kopiert werden. Wiederholung 5 wird in 1000 ms gestartet. The process cannot access the file 'D:\GitHub\Open-Playout-Server\PlayoutServer.Core\bin\Debug\net10.0\PlayoutServer.Core.exe' because it is being used by another process. Die Datei wird durch "PlayoutServer.Core (20784)" gesperrt. [D:\GitHub\Open-Playout-Server\PlayoutServer.Core\PlayoutServer.Core.csproj]
C:\Program Files\dotnet\sdk\10.0.104\Microsoft.Common.CurrentVersion.targets(5381,5): warning MSB3026: "D:\GitHub\Open-Playout-Server\PlayoutServer.GUI\obj\Debug\net10.0-windows\apphost.exe" konnte nicht in "bin\Debug\net10.0-windows\PlayoutServer.GUI.exe" kopiert werden. Wiederholung 6 wird in 1000 ms gestartet. The process cannot access the file 'D:\GitHub\Open-Playout-Server\PlayoutServer.GUI\bin\Debug\net10.0-windows\PlayoutServer.GUI.exe' because it is being used by another process. Die Datei wird durch "PlayoutServer.GUI (19208)" gesperrt. [D:\GitHub\Open-Playout-Server\PlayoutServer.GUI\PlayoutServer.GUI.csproj]
C:\Program Files\dotnet\sdk\10.0.104\Microsoft.Common.CurrentVersion.targets(5381,5): warning MSB3026: "D:\GitHub\Open-Playout-Server\PlayoutServer.Core\obj\Debug\net10.0\apphost.exe" konnte nicht in "bin\Debug\net10.0\PlayoutServer.Core.exe" kopiert werden. Wiederholung 6 wird in 1000 ms gestartet. The process cannot access the file 'D:\GitHub\Open-Playout-Server\PlayoutServer.Core\bin\Debug\net10.0\PlayoutServer.Core.exe' because it is being used by another process. Die Datei wird durch "PlayoutServer.Core (20784)" gesperrt. [D:\GitHub\Open-Playout-Server\PlayoutServer.Core\PlayoutServer.Core.csproj]
C:\Program Files\dotnet\sdk\10.0.104\Microsoft.Common.CurrentVersion.targets(5381,5): warning MSB3026: "D:\GitHub\Open-Playout-Server\PlayoutServer.GUI\obj\Debug\net10.0-windows\apphost.exe" konnte nicht in "bin\Debug\net10.0-windows\PlayoutServer.GUI.exe" kopiert werden. Wiederholung 7 wird in 1000 ms gestartet. The process cannot access the file 'D:\GitHub\Open-Playout-Server\PlayoutServer.GUI\bin\Debug\net10.0-windows\PlayoutServer.GUI.exe' because it is being used by another process. Die Datei wird durch "PlayoutServer.GUI (19208)" gesperrt. [D:\GitHub\Open-Playout-Server\PlayoutServer.GUI\PlayoutServer.GUI.csproj]
C:\Program Files\dotnet\sdk\10.0.104\Microsoft.Common.CurrentVersion.targets(5381,5): warning MSB3026: "D:\GitHub\Open-Playout-Server\PlayoutServer.Core\obj\Debug\net10.0\apphost.exe" konnte nicht in "bin\Debug\net10.0\PlayoutServer.Core.exe" kopiert werden. Wiederholung 7 wird in 1000 ms gestartet. The process cannot access the file 'D:\GitHub\Open-Playout-Server\PlayoutServer.Core\bin\Debug\net10.0\PlayoutServer.Core.exe' because it is being used by another process. Die Datei wird durch "PlayoutServer.Core (20784)" gesperrt. [D:\GitHub\Open-Playout-Server\PlayoutServer.Core\PlayoutServer.Core.csproj]
C:\Program Files\dotnet\sdk\10.0.104\Microsoft.Common.CurrentVersion.targets(5381,5): warning MSB3026: "D:\GitHub\Open-Playout-Server\PlayoutServer.GUI\obj\Debug\net10.0-windows\apphost.exe" konnte nicht in "bin\Debug\net10.0-windows\PlayoutServer.GUI.exe" kopiert werden. Wiederholung 8 wird in 1000 ms gestartet. The process cannot access the file 'D:\GitHub\Open-Playout-Server\PlayoutServer.GUI\bin\Debug\net10.0-windows\PlayoutServer.GUI.exe' because it is being used by another process. Die Datei wird durch "PlayoutServer.GUI (19208)" gesperrt. [D:\GitHub\Open-Playout-Server\PlayoutServer.GUI\PlayoutServer.GUI.csproj]
C:\Program Files\dotnet\sdk\10.0.104\Microsoft.Common.CurrentVersion.targets(5381,5): warning MSB3026: "D:\GitHub\Open-Playout-Server\PlayoutServer.Core\obj\Debug\net10.0\apphost.exe" konnte nicht in "bin\Debug\net10.0\PlayoutServer.Core.exe" kopiert werden. Wiederholung 8 wird in 1000 ms gestartet. The process cannot access the file 'D:\GitHub\Open-Playout-Server\PlayoutServer.Core\bin\Debug\net10.0\PlayoutServer.Core.exe' because it is being used by another process. Die Datei wird durch "PlayoutServer.Core (20784)" gesperrt. [D:\GitHub\Open-Playout-Server\PlayoutServer.Core\PlayoutServer.Core.csproj]
C:\Program Files\dotnet\sdk\10.0.104\Microsoft.Common.CurrentVersion.targets(5381,5): warning MSB3026: "D:\GitHub\Open-Playout-Server\PlayoutServer.GUI\obj\Debug\net10.0-windows\apphost.exe" konnte nicht in "bin\Debug\net10.0-windows\PlayoutServer.GUI.exe" kopiert werden. Wiederholung 9 wird in 1000 ms gestartet. The process cannot access the file 'D:\GitHub\Open-Playout-Server\PlayoutServer.GUI\bin\Debug\net10.0-windows\PlayoutServer.GUI.exe' because it is being used by another process. Die Datei wird durch "PlayoutServer.GUI (19208)" gesperrt. [D:\GitHub\Open-Playout-Server\PlayoutServer.GUI\PlayoutServer.GUI.csproj]
C:\Program Files\dotnet\sdk\10.0.104\Microsoft.Common.CurrentVersion.targets(5381,5): warning MSB3026: "D:\GitHub\Open-Playout-Server\PlayoutServer.Core\obj\Debug\net10.0\apphost.exe" konnte nicht in "bin\Debug\net10.0\PlayoutServer.Core.exe" kopiert werden. Wiederholung 9 wird in 1000 ms gestartet. The process cannot access the file 'D:\GitHub\Open-Playout-Server\PlayoutServer.Core\bin\Debug\net10.0\PlayoutServer.Core.exe' because it is being used by another process. Die Datei wird durch "PlayoutServer.Core (20784)" gesperrt. [D:\GitHub\Open-Playout-Server\PlayoutServer.Core\PlayoutServer.Core.csproj]
C:\Program Files\dotnet\sdk\10.0.104\Microsoft.Common.CurrentVersion.targets(5381,5): warning MSB3026: "D:\GitHub\Open-Playout-Server\PlayoutServer.GUI\obj\Debug\net10.0-windows\apphost.exe" konnte nicht in "bin\Debug\net10.0-windows\PlayoutServer.GUI.exe" kopiert werden. Wiederholung 10 wird in 1000 ms gestartet. The process cannot access the file 'D:\GitHub\Open-Playout-Server\PlayoutServer.GUI\bin\Debug\net10.0-windows\PlayoutServer.GUI.exe' because it is being used by another process. Die Datei wird durch "PlayoutServer.GUI (19208)" gesperrt. [D:\GitHub\Open-Playout-Server\PlayoutServer.GUI\PlayoutServer.GUI.csproj]
C:\Program Files\dotnet\sdk\10.0.104\Microsoft.Common.CurrentVersion.targets(5381,5): warning MSB3026: "D:\GitHub\Open-Playout-Server\PlayoutServer.Core\obj\Debug\net10.0\apphost.exe" konnte nicht in "bin\Debug\net10.0\PlayoutServer.Core.exe" kopiert werden. Wiederholung 10 wird in 1000 ms gestartet. The process cannot access the file 'D:\GitHub\Open-Playout-Server\PlayoutServer.Core\bin\Debug\net10.0\PlayoutServer.Core.exe' because it is being used by another process. Die Datei wird durch "PlayoutServer.Core (20784)" gesperrt. [D:\GitHub\Open-Playout-Server\PlayoutServer.Core\PlayoutServer.Core.csproj]
C:\Program Files\dotnet\sdk\10.0.104\Microsoft.Common.CurrentVersion.targets(5381,5): error MSB3027: "D:\GitHub\Open-Playout-Server\PlayoutServer.GUI\obj\Debug\net10.0-windows\apphost.exe" konnte nicht in "bin\Debug\net10.0-windows\PlayoutServer.GUI.exe" kopiert werden. Die zul├ñssige Anzahl von Wiederholungen von 10 wurde ├╝berschritten. Fehler. Die Datei wird durch "PlayoutServer.GUI (19208)" gesperrt. [D:\GitHub\Open-Playout-Server\PlayoutServer.GUI\PlayoutServer.GUI.csproj]
C:\Program Files\dotnet\sdk\10.0.104\Microsoft.Common.CurrentVersion.targets(5381,5): error MSB3021: Die Datei "D:\GitHub\Open-Playout-Server\PlayoutServer.GUI\obj\Debug\net10.0-windows\apphost.exe" kann nicht in "bin\Debug\net10.0-windows\PlayoutServer.GUI.exe" kopiert werden. The process cannot access the file 'D:\GitHub\Open-Playout-Server\PlayoutServer.GUI\bin\Debug\net10.0-windows\PlayoutServer.GUI.exe' because it is being used by another process. [D:\GitHub\Open-Playout-Server\PlayoutServer.GUI\PlayoutServer.GUI.csproj]
C:\Program Files\dotnet\sdk\10.0.104\Microsoft.Common.CurrentVersion.targets(5381,5): error MSB3027: "D:\GitHub\Open-Playout-Server\PlayoutServer.Core\obj\Debug\net10.0\apphost.exe" konnte nicht in "bin\Debug\net10.0\PlayoutServer.Core.exe" kopiert werden. Die zul├ñssige Anzahl von Wiederholungen von 10 wurde ├╝berschritten. Fehler. Die Datei wird durch "PlayoutServer.Core (20784)" gesperrt. [D:\GitHub\Open-Playout-Server\PlayoutServer.Core\PlayoutServer.Core.csproj]
C:\Program Files\dotnet\sdk\10.0.104\Microsoft.Common.CurrentVersion.targets(5381,5): error MSB3021: Die Datei "D:\GitHub\Open-Playout-Server\PlayoutServer.Core\obj\Debug\net10.0\apphost.exe" kann nicht in "bin\Debug\net10.0\PlayoutServer.Core.exe" kopiert werden. The process cannot access the file 'D:\GitHub\Open-Playout-Server\PlayoutServer.Core\bin\Debug\net10.0\PlayoutServer.Core.exe' because it is being used by another process. [D:\GitHub\Open-Playout-Server\PlayoutServer.Core\PlayoutServer.Core.csproj]
    22 Warnung(en)
    4 Fehler

Verstrichene Zeit 00:00:14.69
